/Users/hotlatte/Desktop/Electronics/STM32-FW-IMAGE/Drivers/STM32L0xx_HAL_Driver/Src/stm32l0xx_hal_uart.c:3574:13:UART_EndRxTransfer	12	static,ignoring_inline_asm
/Users/hotlatte/Desktop/Electronics/STM32-FW-IMAGE/Drivers/STM32L0xx_HAL_Driver/Src/stm32l0xx_hal_uart.c:3998:13:UART_TxISR_8BIT.part.0	12	static,ignoring_inline_asm
/Users/hotlatte/Desktop/Electronics/STM32-FW-IMAGE/Drivers/STM32L0xx_HAL_Driver/Src/stm32l0xx_hal_uart.c:3998:13:UART_TxISR_8BIT	8	static
/Users/hotlatte/Desktop/Electronics/STM32-FW-IMAGE/Drivers/STM32L0xx_HAL_Driver/Src/stm32l0xx_hal_uart.c:4027:13:UART_TxISR_16BIT	8	static
/Users/hotlatte/Desktop/Electronics/STM32-FW-IMAGE/Drivers/STM32L0xx_HAL_Driver/Src/stm32l0xx_hal_uart.c:671:13:HAL_UART_MspInit	0	static
/Users/hotlatte/Desktop/Electronics/STM32-FW-IMAGE/Drivers/STM32L0xx_HAL_Driver/Src/stm32l0xx_hal_uart.c:686:13:HAL_UART_MspDeInit	0	static
/Users/hotlatte/Desktop/Electronics/STM32-FW-IMAGE/Drivers/STM32L0xx_HAL_Driver/Src/stm32l0xx_hal_uart.c:624:19:HAL_UART_DeInit	16	static
/Users/hotlatte/Desktop/Electronics/STM32-FW-IMAGE/Drivers/STM32L0xx_HAL_Driver/Src/stm32l0xx_hal_uart.c:1297:19:HAL_UART_Transmit_IT	8	static,ignoring_inline_asm
/Users/hotlatte/Desktop/Electronics/STM32-FW-IMAGE/Drivers/STM32L0xx_HAL_Driver/Src/stm32l0xx_hal_uart.c:1419:19:HAL_UART_Transmit_DMA	24	static,ignoring_inline_asm
/Users/hotlatte/Desktop/Electronics/STM32-FW-IMAGE/Drivers/STM32L0xx_HAL_Driver/Src/stm32l0xx_hal_uart.c:1552:19:HAL_UART_DMAPause	16	static,ignoring_inline_asm
/Users/hotlatte/Desktop/Electronics/STM32-FW-IMAGE/Drivers/STM32L0xx_HAL_Driver/Src/stm32l0xx_hal_uart.c:1582:19:HAL_UART_DMAResume	8	static,ignoring_inline_asm
/Users/hotlatte/Desktop/Electronics/STM32-FW-IMAGE/Drivers/STM32L0xx_HAL_Driver/Src/stm32l0xx_hal_uart.c:1613:19:HAL_UART_DMAStop	16	static,ignoring_inline_asm
/Users/hotlatte/Desktop/Electronics/STM32-FW-IMAGE/Drivers/STM32L0xx_HAL_Driver/Src/stm32l0xx_hal_uart.c:1688:19:HAL_UART_Abort	16	static,ignoring_inline_asm
/Users/hotlatte/Desktop/Electronics/STM32-FW-IMAGE/Drivers/STM32L0xx_HAL_Driver/Src/stm32l0xx_hal_uart.c:1785:19:HAL_UART_AbortTransmit	16	static,ignoring_inline_asm
/Users/hotlatte/Desktop/Electronics/STM32-FW-IMAGE/Drivers/STM32L0xx_HAL_Driver/Src/stm32l0xx_hal_uart.c:1838:19:HAL_UART_AbortReceive	16	static,ignoring_inline_asm
/Users/hotlatte/Desktop/Electronics/STM32-FW-IMAGE/Drivers/STM32L0xx_HAL_Driver/Src/stm32l0xx_hal_uart.c:2555:13:HAL_UART_TxCpltCallback	0	static
/Users/hotlatte/Desktop/Electronics/STM32-FW-IMAGE/Drivers/STM32L0xx_HAL_Driver/Src/stm32l0xx_hal_uart.c:3600:13:UART_DMATransmitCplt	16	static,ignoring_inline_asm
/Users/hotlatte/Desktop/Electronics/STM32-FW-IMAGE/Drivers/STM32L0xx_HAL_Driver/Src/stm32l0xx_hal_uart.c:2570:13:HAL_UART_TxHalfCpltCallback	0	static
/Users/hotlatte/Desktop/Electronics/STM32-FW-IMAGE/Drivers/STM32L0xx_HAL_Driver/Src/stm32l0xx_hal_uart.c:3634:13:UART_DMATxHalfCplt	8	static
/Users/hotlatte/Desktop/Electronics/STM32-FW-IMAGE/Drivers/STM32L0xx_HAL_Driver/Src/stm32l0xx_hal_uart.c:2585:13:HAL_UART_RxCpltCallback	0	static
/Users/hotlatte/Desktop/Electronics/STM32-FW-IMAGE/Drivers/STM32L0xx_HAL_Driver/Src/stm32l0xx_hal_uart.c:2600:13:HAL_UART_RxHalfCpltCallback	0	static
/Users/hotlatte/Desktop/Electronics/STM32-FW-IMAGE/Drivers/STM32L0xx_HAL_Driver/Src/stm32l0xx_hal_uart.c:2615:13:HAL_UART_ErrorCallback	0	static
/Users/hotlatte/Desktop/Electronics/STM32-FW-IMAGE/Drivers/STM32L0xx_HAL_Driver/Src/stm32l0xx_hal_uart.c:3773:13:UART_DMAError	16	static,ignoring_inline_asm
/Users/hotlatte/Desktop/Electronics/STM32-FW-IMAGE/Drivers/STM32L0xx_HAL_Driver/Src/stm32l0xx_hal_uart.c:3813:13:UART_DMAAbortOnError	8	static
/Users/hotlatte/Desktop/Electronics/STM32-FW-IMAGE/Drivers/STM32L0xx_HAL_Driver/Src/stm32l0xx_hal_uart.c:2630:13:HAL_UART_AbortCpltCallback	0	static
/Users/hotlatte/Desktop/Electronics/STM32-FW-IMAGE/Drivers/STM32L0xx_HAL_Driver/Src/stm32l0xx_hal_uart.c:1906:19:HAL_UART_Abort_IT	16	static,ignoring_inline_asm
/Users/hotlatte/Desktop/Electronics/STM32-FW-IMAGE/Drivers/STM32L0xx_HAL_Driver/Src/stm32l0xx_hal_uart.c:3885:13:UART_DMARxAbortCallback	8	static
/Users/hotlatte/Desktop/Electronics/STM32-FW-IMAGE/Drivers/STM32L0xx_HAL_Driver/Src/stm32l0xx_hal_uart.c:3835:13:UART_DMATxAbortCallback	8	static
/Users/hotlatte/Desktop/Electronics/STM32-FW-IMAGE/Drivers/STM32L0xx_HAL_Driver/Src/stm32l0xx_hal_uart.c:2645:13:HAL_UART_AbortTransmitCpltCallback	0	static
/Users/hotlatte/Desktop/Electronics/STM32-FW-IMAGE/Drivers/STM32L0xx_HAL_Driver/Src/stm32l0xx_hal_uart.c:2053:19:HAL_UART_AbortTransmit_IT	16	static,ignoring_inline_asm
/Users/hotlatte/Desktop/Electronics/STM32-FW-IMAGE/Drivers/STM32L0xx_HAL_Driver/Src/stm32l0xx_hal_uart.c:3937:13:UART_DMATxOnlyAbortCallback	8	static
/Users/hotlatte/Desktop/Electronics/STM32-FW-IMAGE/Drivers/STM32L0xx_HAL_Driver/Src/stm32l0xx_hal_uart.c:2660:13:HAL_UART_AbortReceiveCpltCallback	0	static
/Users/hotlatte/Desktop/Electronics/STM32-FW-IMAGE/Drivers/STM32L0xx_HAL_Driver/Src/stm32l0xx_hal_uart.c:2138:19:HAL_UART_AbortReceive_IT	16	static,ignoring_inline_asm
/Users/hotlatte/Desktop/Electronics/STM32-FW-IMAGE/Drivers/STM32L0xx_HAL_Driver/Src/stm32l0xx_hal_uart.c:3965:13:UART_DMARxOnlyAbortCallback	16	static
/Users/hotlatte/Desktop/Electronics/STM32-FW-IMAGE/Drivers/STM32L0xx_HAL_Driver/Src/stm32l0xx_hal_uart.c:2677:13:HAL_UARTEx_RxEventCallback	0	static
/Users/hotlatte/Desktop/Electronics/STM32-FW-IMAGE/Drivers/STM32L0xx_HAL_Driver/Src/stm32l0xx_hal_uart.c:2231:6:HAL_UART_IRQHandler	32	static,ignoring_inline_asm
/Users/hotlatte/Desktop/Electronics/STM32-FW-IMAGE/Drivers/STM32L0xx_HAL_Driver/Src/stm32l0xx_hal_uart.c:4084:13:UART_RxISR_8BIT	24	static,ignoring_inline_asm
/Users/hotlatte/Desktop/Electronics/STM32-FW-IMAGE/Drivers/STM32L0xx_HAL_Driver/Src/stm32l0xx_hal_uart.c:4175:13:UART_RxISR_16BIT	24	static,ignoring_inline_asm
/Users/hotlatte/Desktop/Electronics/STM32-FW-IMAGE/Drivers/STM32L0xx_HAL_Driver/Src/stm32l0xx_hal_uart.c:3725:13:UART_DMARxHalfCplt	8	static
/Users/hotlatte/Desktop/Electronics/STM32-FW-IMAGE/Drivers/STM32L0xx_HAL_Driver/Src/stm32l0xx_hal_uart.c:3652:13:UART_DMAReceiveCplt	24	static,ignoring_inline_asm
/Users/hotlatte/Desktop/Electronics/STM32-FW-IMAGE/Drivers/STM32L0xx_HAL_Driver/Src/stm32l0xx_hal_uart.c:2725:6:HAL_UART_ReceiverTimeout_Config	8	static
/Users/hotlatte/Desktop/Electronics/STM32-FW-IMAGE/Drivers/STM32L0xx_HAL_Driver/Src/stm32l0xx_hal_uart.c:2740:19:HAL_UART_EnableReceiverTimeout	12	static
/Users/hotlatte/Desktop/Electronics/STM32-FW-IMAGE/Drivers/STM32L0xx_HAL_Driver/Src/stm32l0xx_hal_uart.c:2778:19:HAL_UART_DisableReceiverTimeout	12	static
/Users/hotlatte/Desktop/Electronics/STM32-FW-IMAGE/Drivers/STM32L0xx_HAL_Driver/Src/stm32l0xx_hal_uart.c:2856:6:HAL_MultiProcessor_EnterMuteMode	0	static
/Users/hotlatte/Desktop/Electronics/STM32-FW-IMAGE/Drivers/STM32L0xx_HAL_Driver/Src/stm32l0xx_hal_uart.c:2866:19:HAL_HalfDuplex_EnableTransmitter	16	static,ignoring_inline_asm
/Users/hotlatte/Desktop/Electronics/STM32-FW-IMAGE/Drivers/STM32L0xx_HAL_Driver/Src/stm32l0xx_hal_uart.c:2889:19:HAL_HalfDuplex_EnableReceiver	16	static,ignoring_inline_asm
/Users/hotlatte/Desktop/Electronics/STM32-FW-IMAGE/Drivers/STM32L0xx_HAL_Driver/Src/stm32l0xx_hal_uart.c:2913:19:HAL_LIN_SendBreak	8	static
/Users/hotlatte/Desktop/Electronics/STM32-FW-IMAGE/Drivers/STM32L0xx_HAL_Driver/Src/stm32l0xx_hal_uart.c:2958:23:HAL_UART_GetState	0	static
/Users/hotlatte/Desktop/Electronics/STM32-FW-IMAGE/Drivers/STM32L0xx_HAL_Driver/Src/stm32l0xx_hal_uart.c:2974:10:HAL_UART_GetError	0	static
/Users/hotlatte/Desktop/Electronics/STM32-FW-IMAGE/Drivers/STM32L0xx_HAL_Driver/Src/stm32l0xx_hal_uart.c:3018:19:UART_SetConfig	24	static
/Users/hotlatte/Desktop/Electronics/STM32-FW-IMAGE/Drivers/STM32L0xx_HAL_Driver/Src/stm32l0xx_hal_uart.c:3242:6:UART_AdvFeatureConfig	12	static
/Users/hotlatte/Desktop/Electronics/STM32-FW-IMAGE/Drivers/STM32L0xx_HAL_Driver/Src/stm32l0xx_hal_uart.c:3385:19:UART_WaitOnFlagUntilTimeout	32	static
/Users/hotlatte/Desktop/Electronics/STM32-FW-IMAGE/Drivers/STM32L0xx_HAL_Driver/Src/stm32l0xx_hal_uart.c:1095:19:HAL_UART_Transmit	48	static
/Users/hotlatte/Desktop/Electronics/STM32-FW-IMAGE/Drivers/STM32L0xx_HAL_Driver/Src/stm32l0xx_hal_uart.c:1197:19:HAL_UART_Receive	48	static
/Users/hotlatte/Desktop/Electronics/STM32-FW-IMAGE/Drivers/STM32L0xx_HAL_Driver/Src/stm32l0xx_hal_uart.c:3316:19:UART_CheckIdleState	24	static,ignoring_inline_asm
/Users/hotlatte/Desktop/Electronics/STM32-FW-IMAGE/Drivers/STM32L0xx_HAL_Driver/Src/stm32l0xx_hal_uart.c:292:19:HAL_UART_Init	16	static
/Users/hotlatte/Desktop/Electronics/STM32-FW-IMAGE/Drivers/STM32L0xx_HAL_Driver/Src/stm32l0xx_hal_uart.c:374:19:HAL_HalfDuplex_Init	8	static
/Users/hotlatte/Desktop/Electronics/STM32-FW-IMAGE/Drivers/STM32L0xx_HAL_Driver/Src/stm32l0xx_hal_uart.c:449:19:HAL_LIN_Init	16	static
/Users/hotlatte/Desktop/Electronics/STM32-FW-IMAGE/Drivers/STM32L0xx_HAL_Driver/Src/stm32l0xx_hal_uart.c:548:19:HAL_MultiProcessor_Init	16	static
/Users/hotlatte/Desktop/Electronics/STM32-FW-IMAGE/Drivers/STM32L0xx_HAL_Driver/Src/stm32l0xx_hal_uart.c:2816:19:HAL_MultiProcessor_EnableMuteMode	8	static,ignoring_inline_asm
/Users/hotlatte/Desktop/Electronics/STM32-FW-IMAGE/Drivers/STM32L0xx_HAL_Driver/Src/stm32l0xx_hal_uart.c:2836:19:HAL_MultiProcessor_DisableMuteMode	8	static,ignoring_inline_asm
/Users/hotlatte/Desktop/Electronics/STM32-FW-IMAGE/Drivers/STM32L0xx_HAL_Driver/Src/stm32l0xx_hal_uart.c:3453:19:UART_Start_Receive_IT	8	static,ignoring_inline_asm
/Users/hotlatte/Desktop/Electronics/STM32-FW-IMAGE/Drivers/STM32L0xx_HAL_Driver/Src/stm32l0xx_hal_uart.c:1362:19:HAL_UART_Receive_IT	16	static,ignoring_inline_asm
/Users/hotlatte/Desktop/Electronics/STM32-FW-IMAGE/Drivers/STM32L0xx_HAL_Driver/Src/stm32l0xx_hal_uart.c:3502:19:UART_Start_Receive_DMA	24	static,ignoring_inline_asm
/Users/hotlatte/Desktop/Electronics/STM32-FW-IMAGE/Drivers/STM32L0xx_HAL_Driver/Src/stm32l0xx_hal_uart.c:1505:19:HAL_UART_Receive_DMA	16	static,ignoring_inline_asm
